  + Exception Group Traceback (most recent call last):
  |   File "/Users/sumatidhingra/Documents/AaramBooks/Aaram_Inventory/venv/lib/python3.11/site-packages/starlette/_utils.py", line 87, in collapse_excgroups
  |     yield
  |   File "/Users/sumatidhingra/Documents/AaramBooks/Aaram_Inventory/venv/lib/python3.11/site-packages/starlette/middleware/base.py", line 190, in __call__
  |     async with anyio.create_task_group() as task_group:
  |   File "/Users/sumatidhingra/Documents/AaramBooks/Aaram_Inventory/venv/lib/python3.11/site-packages/anyio/_backends/_asyncio.py", line 815, in __aexit__
  |     raise BaseExceptionGroup(
  | ExceptionGroup: unhandled errors in a TaskGroup (1 sub-exception)
  +-+---------------- 1 ----------------
    | Traceback (most recent call last):
    |   File "/Users/sumatidhingra/Documents/AaramBooks/Aaram_Inventory/venv/lib/python3.11/site-packages/starlette/middleware/errors.py", line 164, in __call__
    |     await self.app(scope, receive, _send)
    |   File "/Users/sumatidhingra/Documents/AaramBooks/Aaram_Inventory/venv/lib/python3.11/site-packages/starlette/middleware/base.py", line 189, in __call__
    |     with collapse_excgroups():
    |   File "/Library/Frameworks/Python.framework/Versions/3.11/lib/python3.11/contextlib.py", line 158, in __exit__
    |     self.gen.throw(typ, value, traceback)
    |   File "/Users/sumatidhingra/Documents/AaramBooks/Aaram_Inventory/venv/lib/python3.11/site-packages/starlette/_utils.py", line 93, in collapse_excgroups
    |     raise exc
    |   File "/Users/sumatidhingra/Documents/AaramBooks/Aaram_Inventory/venv/lib/python3.11/site-packages/starlette/middleware/base.py", line 191, in __call__
    |     response = await self.dispatch_func(request, call_next)
    |                ^^^^^^^^^^^^^^^^^^^^^^^^^^^^^^^^^^^^^^^^^^^^
    |   File "/Users/sumatidhingra/Documents/AaramBooks/Aaram_Inventory/src/foundation/api/middleware.py", line 16, in dispatch
    |     response: Response = await call_next(request)
    |                          ^^^^^^^^^^^^^^^^^^^^^^^^
    |   File "/Users/sumatidhingra/Documents/AaramBooks/Aaram_Inventory/venv/lib/python3.11/site-packages/starlette/middleware/base.py", line 165, in call_next
    |     raise app_exc
    |   File "/Users/sumatidhingra/Documents/AaramBooks/Aaram_Inventory/venv/lib/python3.11/site-packages/starlette/middleware/base.py", line 151, in coro
    |     await self.app(scope, receive_or_disconnect, send_no_error)
    |   File "/Users/sumatidhingra/Documents/AaramBooks/Aaram_Inventory/venv/lib/python3.11/site-packages/starlette/middleware/cors.py", line 93, in __call__
    |     await self.simple_response(scope, receive, send, request_headers=headers)
    |   File "/Users/sumatidhingra/Documents/AaramBooks/Aaram_Inventory/venv/lib/python3.11/site-packages/starlette/middleware/cors.py", line 148, in simple_response
    |     await self.app(scope, receive, send)
    |   File "/Users/sumatidhingra/Documents/AaramBooks/Aaram_Inventory/venv/lib/python3.11/site-packages/starlette/middleware/exceptions.py", line 65, in __call__
    |     await wrap_app_handling_exceptions(self.app, conn)(scope, receive, send)
    |   File "/Users/sumatidhingra/Documents/AaramBooks/Aaram_Inventory/venv/lib/python3.11/site-packages/starlette/_exception_handler.py", line 64, in wrapped_app
    |     raise exc
    |   File "/Users/sumatidhingra/Documents/AaramBooks/Aaram_Inventory/venv/lib/python3.11/site-packages/starlette/_exception_handler.py", line 53, in wrapped_app
    |     await app(scope, receive, sender)
    |   File "/Users/sumatidhingra/Documents/AaramBooks/Aaram_Inventory/venv/lib/python3.11/site-packages/starlette/routing.py", line 756, in __call__
    |     await self.middleware_stack(scope, receive, send)
    |   File "/Users/sumatidhingra/Documents/AaramBooks/Aaram_Inventory/venv/lib/python3.11/site-packages/starlette/routing.py", line 776, in app
    |     await route.handle(scope, receive, send)
    |   File "/Users/sumatidhingra/Documents/AaramBooks/Aaram_Inventory/venv/lib/python3.11/site-packages/starlette/routing.py", line 297, in handle
    |     await self.app(scope, receive, send)
    |   File "/Users/sumatidhingra/Documents/AaramBooks/Aaram_Inventory/venv/lib/python3.11/site-packages/starlette/routing.py", line 77, in app
    |     await wrap_app_handling_exceptions(app, request)(scope, receive, send)
    |   File "/Users/sumatidhingra/Documents/AaramBooks/Aaram_Inventory/venv/lib/python3.11/site-packages/starlette/_exception_handler.py", line 64, in wrapped_app
    |     raise exc
    |   File "/Users/sumatidhingra/Documents/AaramBooks/Aaram_Inventory/venv/lib/python3.11/site-packages/starlette/_exception_handler.py", line 53, in wrapped_app
    |     await app(scope, receive, sender)
    |   File "/Users/sumatidhingra/Documents/AaramBooks/Aaram_Inventory/venv/lib/python3.11/site-packages/starlette/routing.py", line 72, in app
    |     response = await func(request)
    |                ^^^^^^^^^^^^^^^^^^^
    |   File "/Users/sumatidhingra/Documents/AaramBooks/Aaram_Inventory/venv/lib/python3.11/site-packages/fastapi/routing.py", line 278, in app
    |     raw_response = await run_endpoint_function(
    |                    ^^^^^^^^^^^^^^^^^^^^^^^^^^^^
    |   File "/Users/sumatidhingra/Documents/AaramBooks/Aaram_Inventory/venv/lib/python3.11/site-packages/fastapi/routing.py", line 191, in run_endpoint_function
    |     return await dependant.call(**values)
    |            ^^^^^^^^^^^^^^^^^^^^^^^^^^^^^^
    |   File "/Users/sumatidhingra/Documents/AaramBooks/Aaram_Inventory/venv/lib/python3.11/site-packages/dependency_injector/wiring.py", line 994, in _patched
    |     return await _async_inject(
    |            ^^^^^^^^^^^^^^^^^^^^
    |   File "src/dependency_injector/_cwiring.pyx", line 66, in _async_inject
    |   File "/Users/sumatidhingra/Documents/AaramBooks/Aaram_Inventory/src/domains/inventory/api/dashboard_router.py", line 79, in get_dashboard_recent_activity
    |     data = [
    |            ^
    |   File "/Users/sumatidhingra/Documents/AaramBooks/Aaram_Inventory/src/domains/inventory/api/dashboard_router.py", line 86, in <listcomp>
    |     "reference_document": m.reference_document,
    |                           ^^^^^^^^^^^^^^^^^^^^
    | AttributeError: 'InventoryMovementModel' object has no attribute 'reference_document'
    +------------------------------------

During handling of the above exception, another exception occurred:

Traceback (most recent call last):
  File "/Users/sumatidhingra/Documents/AaramBooks/Aaram_Inventory/venv/lib/python3.11/site-packages/starlette/middleware/errors.py", line 164, in __call__
    await self.app(scope, receive, _send)
  File "/Users/sumatidhingra/Documents/AaramBooks/Aaram_Inventory/venv/lib/python3.11/site-packages/starlette/middleware/base.py", line 189, in __call__
    with collapse_excgroups():
  File "/Library/Frameworks/Python.framework/Versions/3.11/lib/python3.11/contextlib.py", line 158, in __exit__
    self.gen.throw(typ, value, traceback)
  File "/Users/sumatidhingra/Documents/AaramBooks/Aaram_Inventory/venv/lib/python3.11/site-packages/starlette/_utils.py", line 93, in collapse_excgroups
    raise exc
  File "/Users/sumatidhingra/Documents/AaramBooks/Aaram_Inventory/venv/lib/python3.11/site-packages/starlette/middleware/base.py", line 191, in __call__
    response = await self.dispatch_func(request, call_next)
               ^^^^^^^^^^^^^^^^^^^^^^^^^^^^^^^^^^^^^^^^^^^^
  File "/Users/sumatidhingra/Documents/AaramBooks/Aaram_Inventory/src/foundation/api/middleware.py", line 16, in dispatch
    response: Response = await call_next(request)
                         ^^^^^^^^^^^^^^^^^^^^^^^^
  File "/Users/sumatidhingra/Documents/AaramBooks/Aaram_Inventory/venv/lib/python3.11/site-packages/starlette/middleware/base.py", line 165, in call_next
    raise app_exc
  File "/Users/sumatidhingra/Documents/AaramBooks/Aaram_Inventory/venv/lib/python3.11/site-packages/starlette/middleware/base.py", line 151, in coro
    await self.app(scope, receive_or_disconnect, send_no_error)
  File "/Users/sumatidhingra/Documents/AaramBooks/Aaram_Inventory/venv/lib/python3.11/site-packages/starlette/middleware/cors.py", line 93, in __call__
    await self.simple_response(scope, receive, send, request_headers=headers)
  File "/Users/sumatidhingra/Documents/AaramBooks/Aaram_Inventory/venv/lib/python3.11/site-packages/starlette/middleware/cors.py", line 148, in simple_response
    await self.app(scope, receive, send)
  File "/Users/sumatidhingra/Documents/AaramBooks/Aaram_Inventory/venv/lib/python3.11/site-packages/starlette/middleware/exceptions.py", line 65, in __call__
    await wrap_app_handling_exceptions(self.app, conn)(scope, receive, send)
  File "/Users/sumatidhingra/Documents/AaramBooks/Aaram_Inventory/venv/lib/python3.11/site-packages/starlette/_exception_handler.py", line 64, in wrapped_app
    raise exc
  File "/Users/sumatidhingra/Documents/AaramBooks/Aaram_Inventory/venv/lib/python3.11/site-packages/starlette/_exception_handler.py", line 53, in wrapped_app
    await app(scope, receive, sender)
  File "/Users/sumatidhingra/Documents/AaramBooks/Aaram_Inventory/venv/lib/python3.11/site-packages/starlette/routing.py", line 756, in __call__
    await self.middleware_stack(scope, receive, send)
  File "/Users/sumatidhingra/Documents/AaramBooks/Aaram_Inventory/venv/lib/python3.11/site-packages/starlette/routing.py", line 776, in app
    await route.handle(scope, receive, send)
  File "/Users/sumatidhingra/Documents/AaramBooks/Aaram_Inventory/venv/lib/python3.11/site-packages/starlette/routing.py", line 297, in handle
    await self.app(scope, receive, send)
  File "/Users/sumatidhingra/Documents/AaramBooks/Aaram_Inventory/venv/lib/python3.11/site-packages/starlette/routing.py", line 77, in app
    await wrap_app_handling_exceptions(app, request)(scope, receive, send)
  File "/Users/sumatidhingra/Documents/AaramBooks/Aaram_Inventory/venv/lib/python3.11/site-packages/starlette/_exception_handler.py", line 64, in wrapped_app
    raise exc
  File "/Users/sumatidhingra/Documents/AaramBooks/Aaram_Inventory/venv/lib/python3.11/site-packages/starlette/_exception_handler.py", line 53, in wrapped_app
    await app(scope, receive, sender)
  File "/Users/sumatidhingra/Documents/AaramBooks/Aaram_Inventory/venv/lib/python3.11/site-packages/starlette/routing.py", line 72, in app
    response = await func(request)
               ^^^^^^^^^^^^^^^^^^^
  File "/Users/sumatidhingra/Documents/AaramBooks/Aaram_Inventory/venv/lib/python3.11/site-packages/fastapi/routing.py", line 278, in app
    raw_response = await run_endpoint_function(
                   ^^^^^^^^^^^^^^^^^^^^^^^^^^^^
  File "/Users/sumatidhingra/Documents/AaramBooks/Aaram_Inventory/venv/lib/python3.11/site-packages/fastapi/routing.py", line 191, in run_endpoint_function
    return await dependant.call(**values)
           ^^^^^^^^^^^^^^^^^^^^^^^^^^^^^^
  File "/Users/sumatidhingra/Documents/AaramBooks/Aaram_Inventory/venv/lib/python3.11/site-packages/dependency_injector/wiring.py", line 994, in _patched
    return await _async_inject(
           ^^^^^^^^^^^^^^^^^^^^
  File "src/dependency_injector/_cwiring.pyx", line 66, in _async_inject
  File "/Users/sumatidhingra/Documents/AaramBooks/Aaram_Inventory/src/domains/inventory/api/dashboard_router.py", line 79, in get_dashboard_recent_activity
    data = [
           ^
  File "/Users/sumatidhingra/Documents/AaramBooks/Aaram_Inventory/src/domains/inventory/api/dashboard_router.py", line 86, in <listcomp>
    "reference_document": m.reference_document,
                          ^^^^^^^^^^^^^^^^^^^^
AttributeError: 'InventoryMovementModel' object has no attribute 'reference_document'
